Camera_function.c:26:1:set_format	16	static
Camera_function.c:42:1:DWT_Delay_Init	4	static,ignoring_inline_asm
Camera_function.c:74:1:DWT_Delay_us	24	static
Camera_function.c:87:1:wrSensorReg16_8	32	static
Camera_function.c:102:1:rdSensorReg16_8	32	static
Camera_function.c:116:1:wrSensorRegs16_8	48	static
Camera_function.c:144:1:OV5642_set_JPEG_size	16	static
Camera_function.c:178:1:initCAM	16	static
Camera_function.c:213:1:set_fifo_burst	24	static
Camera_function.c:221:1:bus_write	16	static
Camera_function.c:236:1:write_reg	16	static
Camera_function.c:244:1:bus_read	32	static
Camera_function.c:261:1:read_reg	24	static
Camera_function.c:271:1:set_bit	24	static
Camera_function.c:280:1:get_bit	24	static
Camera_function.c:291:1:read_fifo_length	24	static
Camera_function.c:305:1:flush_fifo	8	static
Camera_function.c:313:1:fstart_capture	8	static
Camera_function.c:321:1:clear_fifo_flag	8	static
Camera_function.c:329:1:clear_bit	24	static
