###############################################################################
#
# IAR ELF Linker V8.32.3.193/W32 for ARM                  03/Jan/2020  23:05:07
# Copyright 2007-2019 IAR Systems AB.
#
#    Output file  =  
#        C:\Users\rlawl\Workplaces\stm32\STM32F4_5MP_OV5642_USB\EWARM\STM32F4_5MP_OV5642_USB\Exe\STM32F4_5MP_OV5642_USB.out
#    Map file     =  
#        C:\Users\rlawl\Workplaces\stm32\STM32F4_5MP_OV5642_USB\EWARM\STM32F4_5MP_OV5642_USB\List\STM32F4_5MP_OV5642_USB.map
#    Command line =  
#        -f C:\Users\rlawl\AppData\Local\Temp\EWE5CC.tmp
#        (C:\Users\rlawl\Workplaces\stm32\STM32F4_5MP_OV5642_USB\EWARM\STM32F4_5MP_OV5642_USB\Obj\gpio.o
#        C:\Users\rlawl\Workplaces\stm32\STM32F4_5MP_OV5642_USB\EWARM\STM32F4_5MP_OV5642_USB\Obj\i2c.o
#        C:\Users\rlawl\Workplaces\stm32\STM32F4_5MP_OV5642_USB\EWARM\STM32F4_5MP_OV5642_USB\Obj\i2s.o
#        C:\Users\rlawl\Workplaces\stm32\STM32F4_5MP_OV5642_USB\EWARM\STM32F4_5MP_OV5642_USB\Obj\main.o
#        C:\Users\rlawl\Workplaces\stm32\STM32F4_5MP_OV5642_USB\EWARM\STM32F4_5MP_OV5642_USB\Obj\spi.o
#        C:\Users\rlawl\Workplaces\stm32\STM32F4_5MP_OV5642_USB\EWARM\STM32F4_5MP_OV5642_USB\Obj\startup_stm32f407xx.o
#        C:\Users\rlawl\Workplaces\stm32\STM32F4_5MP_OV5642_USB\EWARM\STM32F4_5MP_OV5642_USB\Obj\stm32f4xx_hal.o
#        C:\Users\rlawl\Workplaces\stm32\STM32F4_5MP_OV5642_USB\EWARM\STM32F4_5MP_OV5642_USB\Obj\stm32f4xx_hal_cortex.o
#        C:\Users\rlawl\Workplaces\stm32\STM32F4_5MP_OV5642_USB\EWARM\STM32F4_5MP_OV5642_USB\Obj\stm32f4xx_hal_dma.o
#        C:\Users\rlawl\Workplaces\stm32\STM32F4_5MP_OV5642_USB\EWARM\STM32F4_5MP_OV5642_USB\Obj\stm32f4xx_hal_dma_ex.o
#        C:\Users\rlawl\Workplaces\stm32\STM32F4_5MP_OV5642_USB\EWARM\STM32F4_5MP_OV5642_USB\Obj\stm32f4xx_hal_exti.o
#        C:\Users\rlawl\Workplaces\stm32\STM32F4_5MP_OV5642_USB\EWARM\STM32F4_5MP_OV5642_USB\Obj\stm32f4xx_hal_flash.o
#        C:\Users\rlawl\Workplaces\stm32\STM32F4_5MP_OV5642_USB\EWARM\STM32F4_5MP_OV5642_USB\Obj\stm32f4xx_hal_flash_ex.o
#        C:\Users\rlawl\Workplaces\stm32\STM32F4_5MP_OV5642_USB\EWARM\STM32F4_5MP_OV5642_USB\Obj\stm32f4xx_hal_flash_ramfunc.o
#        C:\Users\rlawl\Workplaces\stm32\STM32F4_5MP_OV5642_USB\EWARM\STM32F4_5MP_OV5642_USB\Obj\stm32f4xx_hal_gpio.o
#        C:\Users\rlawl\Workplaces\stm32\STM32F4_5MP_OV5642_USB\EWARM\STM32F4_5MP_OV5642_USB\Obj\stm32f4xx_hal_i2c.o
#        C:\Users\rlawl\Workplaces\stm32\STM32F4_5MP_OV5642_USB\EWARM\STM32F4_5MP_OV5642_USB\Obj\stm32f4xx_hal_i2c_ex.o
#        C:\Users\rlawl\Workplaces\stm32\STM32F4_5MP_OV5642_USB\EWARM\STM32F4_5MP_OV5642_USB\Obj\stm32f4xx_hal_i2s.o
#        C:\Users\rlawl\Workplaces\stm32\STM32F4_5MP_OV5642_USB\EWARM\STM32F4_5MP_OV5642_USB\Obj\stm32f4xx_hal_i2s_ex.o
#        C:\Users\rlawl\Workplaces\stm32\STM32F4_5MP_OV5642_USB\EWARM\STM32F4_5MP_OV5642_USB\Obj\stm32f4xx_hal_msp.o
#        C:\Users\rlawl\Workplaces\stm32\STM32F4_5MP_OV5642_USB\EWARM\STM32F4_5MP_OV5642_USB\Obj\stm32f4xx_hal_pcd.o
#        C:\Users\rlawl\Workplaces\stm32\STM32F4_5MP_OV5642_USB\EWARM\STM32F4_5MP_OV5642_USB\Obj\stm32f4xx_hal_pcd_ex.o
#        C:\Users\rlawl\Workplaces\stm32\STM32F4_5MP_OV5642_USB\EWARM\STM32F4_5MP_OV5642_USB\Obj\stm32f4xx_hal_pwr.o
#        C:\Users\rlawl\Workplaces\stm32\STM32F4_5MP_OV5642_USB\EWARM\STM32F4_5MP_OV5642_USB\Obj\stm32f4xx_hal_pwr_ex.o
#        C:\Users\rlawl\Workplaces\stm32\STM32F4_5MP_OV5642_USB\EWARM\STM32F4_5MP_OV5642_USB\Obj\stm32f4xx_hal_rcc.o
#        C:\Users\rlawl\Workplaces\stm32\STM32F4_5MP_OV5642_USB\EWARM\STM32F4_5MP_OV5642_USB\Obj\stm32f4xx_hal_rcc_ex.o
#        C:\Users\rlawl\Workplaces\stm32\STM32F4_5MP_OV5642_USB\EWARM\STM32F4_5MP_OV5642_USB\Obj\stm32f4xx_hal_spi.o
#        C:\Users\rlawl\Workplaces\stm32\STM32F4_5MP_OV5642_USB\EWARM\STM32F4_5MP_OV5642_USB\Obj\stm32f4xx_hal_tim.o
#        C:\Users\rlawl\Workplaces\stm32\STM32F4_5MP_OV5642_USB\EWARM\STM32F4_5MP_OV5642_USB\Obj\stm32f4xx_hal_tim_ex.o
#        C:\Users\rlawl\Workplaces\stm32\STM32F4_5MP_OV5642_USB\EWARM\STM32F4_5MP_OV5642_USB\Obj\stm32f4xx_it.o
#        C:\Users\rlawl\Workplaces\stm32\STM32F4_5MP_OV5642_USB\EWARM\STM32F4_5MP_OV5642_USB\Obj\stm32f4xx_ll_usb.o
#        C:\Users\rlawl\Workplaces\stm32\STM32F4_5MP_OV5642_USB\EWARM\STM32F4_5MP_OV5642_USB\Obj\system_stm32f4xx.o
#        C:\Users\rlawl\Workplaces\stm32\STM32F4_5MP_OV5642_USB\EWARM\STM32F4_5MP_OV5642_USB\Obj\usb_device.o
#        C:\Users\rlawl\Workplaces\stm32\STM32F4_5MP_OV5642_USB\EWARM\STM32F4_5MP_OV5642_USB\Obj\usbd_cdc.o
#        C:\Users\rlawl\Workplaces\stm32\STM32F4_5MP_OV5642_USB\EWARM\STM32F4_5MP_OV5642_USB\Obj\usbd_cdc_if.o
#        C:\Users\rlawl\Workplaces\stm32\STM32F4_5MP_OV5642_USB\EWARM\STM32F4_5MP_OV5642_USB\Obj\usbd_conf.o
#        C:\Users\rlawl\Workplaces\stm32\STM32F4_5MP_OV5642_USB\EWARM\STM32F4_5MP_OV5642_USB\Obj\usbd_core.o
#        C:\Users\rlawl\Workplaces\stm32\STM32F4_5MP_OV5642_USB\EWARM\STM32F4_5MP_OV5642_USB\Obj\usbd_ctlreq.o
#        C:\Users\rlawl\Workplaces\stm32\STM32F4_5MP_OV5642_USB\EWARM\STM32F4_5MP_OV5642_USB\Obj\usbd_desc.o
#        C:\Users\rlawl\Workplaces\stm32\STM32F4_5MP_OV5642_USB\EWARM\STM32F4_5MP_OV5642_USB\Obj\usbd_ioreq.o
#        --redirect _Printf=_PrintfFull --redirect _Scanf=_ScanfFull
#        --no_out_extension -o
#        C:\Users\rlawl\Workplaces\stm32\STM32F4_5MP_OV5642_USB\EWARM\STM32F4_5MP_OV5642_USB\Exe\STM32F4_5MP_OV5642_USB.out
#        --map
#        C:\Users\rlawl\Workplaces\stm32\STM32F4_5MP_OV5642_USB\EWARM\STM32F4_5MP_OV5642_USB\List\STM32F4_5MP_OV5642_USB.map
#        --config
#        C:\Users\rlawl\Workplaces\stm32\STM32F4_5MP_OV5642_USB\EWARM/stm32f407xx_flash.icf
#        --semihosting --entry __iar_program_start --vfe --text_out locale)
#
###############################################################################

*******************************************************************************
*** RUNTIME MODEL ATTRIBUTES
***

CppFlavor       = *
__Heap_Handler  = DLMalloc
__SystemLibrary = DLib
__dlib_version  = 6


*******************************************************************************
*** HEAP SELECTION
***

The advanced heap was selected because the application calls memory
allocation functions outside of system library functions, and there
are calls to deallocation functions in the application.


*******************************************************************************
*** PLACEMENT SUMMARY
***

"A0":  place at 0x800'0000 { ro section .intvec };
"P1":  place in [from 0x800'0000 to 0x80f'ffff] { ro };
define block CSTACK with size = 1K, alignment = 8 { };
define block HEAP with size = 1K, alignment = 8 { };
"P2":  place in [from 0x2000'0000 to 0x2001'ffff] {
          rw, block CSTACK, block HEAP };
initialize by copy { rw };

  Section            Kind         Address    Size  Object
  -------            ----         -------    ----  ------
"A0":                                       0x188
  .intvec            ro code   0x800'0000   0x188  startup_stm32f407xx.o [1]
                             - 0x800'0188   0x188

"P1":                                      0x7279
  .text              ro code   0x800'0188  0x14e0  dlmalloc.o [2]
  .text              ro code   0x800'1668     0x6  abort.o [2]
  .text              ro code   0x800'166e    0x7a  lz77_init_single.o [4]
  .text              ro code   0x800'16e8    0x2c  xgetmemchunk.o [2]
  .text              ro code   0x800'1714    0x14  exit.o [5]
  .text              ro code   0x800'1728    0x80  iarttio.o [5]
  .text              ro code   0x800'17a8    0x3c  XShttio.o [2]
  .text              ro code   0x800'17e4   0xf46  xprintffull.o [2]
  .text              ro code   0x800'272a    0x3a  zero_init3.o [4]
  .text              ro code   0x800'2764    0x78  xlocale_c.o [2]
  .text              ro code   0x800'27dc    0x16  strchr.o [4]
  .text              ro code   0x800'27f2    0x1e  xencoding_8859_1.o [2]
  .text              ro code   0x800'2810    0x40  xfail_s.o [2]
  .text              ro code   0x800'2850    0x14  strlen_small.o [4]
  .text              ro code   0x800'2864    0x58  memchr.o [4]
  .text              ro code   0x800'28bc     0xa  xmbcurmax.o [2]
  .text              ro code   0x800'28c8    0x18  ABImemcpy_small.o [4]
  .text              ro code   0x800'28e0   0x106  I64DivMod_small.o [4]
  .text              ro code   0x800'29e8   0x1a2  DblMul.o [3]
  .text              ro code   0x800'2b8c    0x70  frexp.o [3]
  .text              ro code   0x800'2bfc    0x2e  DblCmpLe.o [3]
  .text              ro code   0x800'2c2c    0x2e  DblCmpGe.o [3]
  .text              ro code   0x800'2c5c   0x13a  ldexp.o [3]
  .text              ro code   0x800'2d98    0x3a  DblToS32.o [3]
  .text              ro code   0x800'2dd4    0x22  S32ToDbl.o [3]
  .text              ro code   0x800'2df8    0xe2  DblSub.o [3]
  .text              ro code   0x800'2edc   0x246  DblDiv.o [3]
  .text              ro code   0x800'3124    0x28  DblToU32.o [3]
  .text              ro code   0x800'314c    0x1a  U32ToDbl.o [3]
  .text              ro code   0x800'3168     0x2  I64DivZer.o [4]
  .text              ro code   0x800'316c   0x16a  DblAdd.o [3]
  .text              ro code   0x800'32d8   0x8b6  stm32f4xx_ll_usb.o [1]
  .text              ro code   0x800'3b90    0x28  stm32f4xx_hal.o [1]
  .text              ro code   0x800'3bb8     0xc  stm32f4xx_hal.o [1]
  .text              ro code   0x800'3bc4   0x85e  stm32f4xx_hal_pcd.o [1]
  .text              ro code   0x800'4424   0x25a  usbd_conf.o [1]
  .text              ro code   0x800'467e    0x4c  stm32f4xx_hal_pcd_ex.o [1]
  .text              ro code   0x800'46cc   0x1a4  stm32f4xx_hal_rcc.o [1]
  .text              ro code   0x800'4870     0x6  ABImemclr4.o [4]
  .text              ro code   0x800'4878   0x1e8  stm32f4xx_hal_gpio.o [1]
  .text              ro code   0x800'4a60    0xc4  stm32f4xx_hal_cortex.o [1]
  .text              ro code   0x800'4b24   0x300  usbd_core.o [1]
  .text              ro code   0x800'4e24   0x144  main.o [1]
  .text              ro code   0x800'4f68    0x40  stm32f4xx_hal.o [1]
  .text              ro code   0x800'4fa8    0x32  ABImemset48.o [4]
  .text              ro code   0x800'4fdc    0x28  printf.o [2]
  .text              ro code   0x800'5004   0x44e  usbd_ctlreq.o [1]
  .text              ro code   0x800'5452    0x60  usbd_ioreq.o [1]
  .text              ro code   0x800'54b4    0x34  stm32f4xx_hal.o [1]
  .text              ro code   0x800'54e8   0x19e  gpio.o [1]
  .text              ro code   0x800'5688   0x150  i2c.o [1]
  .text              ro code   0x800'57d8    0xdc  i2s.o [1]
  .text              ro code   0x800'58b4   0x168  spi.o [1]
  .text              ro code   0x800'5a1c    0x54  usb_device.o [1]
  .text              ro code   0x800'5a70    0x1e  strncpy_small.o [4]
  .text              ro code   0x800'5a8e    0x1e  strcat.o [2]
  .text              ro code   0x800'5aac    0x74  usbd_cdc_if.o [1]
  .text              ro code   0x800'5b20     0x6  ABImemclr.o [4]
  .text              ro code   0x800'5b28   0x324  stm32f4xx_hal_rcc.o [1]
  .text              ro code   0x800'5e4c   0x174  stm32f4xx_hal_rcc_ex.o [1]
  .text              ro code   0x800'5fc0    0x3c  stm32f4xx_hal_msp.o [1]
  .text              ro code   0x800'5ffc   0x150  stm32f4xx_hal_i2c.o [1]
  .text              ro code   0x800'614c   0x274  stm32f4xx_hal_i2s.o [1]
  .text              ro code   0x800'63c0    0x82  stm32f4xx_hal_spi.o [1]
  .text              ro code   0x800'6444   0x2c8  usbd_cdc.o [1]
  .text              ro code   0x800'670c    0x12  ABImemset_small.o [4]
  .text              ro code   0x800'671e     0x2  stm32f4xx_hal_i2s.o [1]
  .text              ro code   0x800'6720     0x2  stm32f4xx_hal_i2s.o [1]
  .text              ro code   0x800'6722     0x2  stm32f4xx_hal_i2s.o [1]
  .text              ro code   0x800'6724     0x4  heaptramp0.o [2]
  .text              ro code   0x800'6728   0x244  stm32f4xx_hal_i2s_ex.o [1]
  .text              ro code   0x800'696c     0x2  stm32f4xx_hal_i2s_ex.o [1]
  .text              ro code   0x800'6970    0xfc  usbd_desc.o [1]
  .text              ro code   0x800'6a6c    0xd8  xfspos.o [2]
  .text              ro code   0x800'6b44    0xac  fflush.o [2]
  .text              ro code   0x800'6bf0     0xc  xfgpos.o [2]
  .text              ro code   0x800'6bfc    0x4a  lseek.o [5]
  .text              ro code   0x800'6c46    0x10  write.o [5]
  .text              ro code   0x800'6c58    0xcc  XShHandles.o [2]
  .text              ro code   0x800'6d24    0x1e  dwrite.o [5]
  .text              ro code   0x800'6d42    0x20  iarwstd.o [5]
  .text              ro code   0x800'6d62    0x22  iarwrite.o [5]
  .text              ro code   0x800'6d84    0xb4  xfwprep.o [2]
  .text              ro code   0x800'6e38    0x24  fseek.o [2]
  .text              ro code   0x800'6e5c    0x8c  xfofind.o [2]
  .text              ro code   0x800'6ee8    0x7e  fclose.o [2]
  .text              ro code   0x800'6f66    0x18  close.o [5]
  .text              ro code   0x800'6f7e    0x14  remove.o [5]
  .text              ro code   0x800'6f92    0x54  fputc.o [2]
  .text              ro code   0x800'6fe8    0x3c  xcloseall.o [2]
  .text              ro code   0x800'7024    0x2c  system_stm32f4xx.o [1]
  .text              ro code   0x800'7050    0x28  data_init.o [4]
  .text              ro code   0x800'7078    0x22  fpinit_M.o [3]
  .iar.init_table    const     0x800'709c    0x20  - Linker created -
  .text              ro code   0x800'70bc    0x20  stm32f4xx_it.o [1]
  .text              ro code   0x800'70dc    0x10  stm32f4xx_hal.o [1]
  .text              ro code   0x800'70ec    0x1e  cmain.o [4]
  .text              ro code   0x800'710a     0x4  low_level_init.o [2]
  .text              ro code   0x800'710e     0x4  exit.o [2]
  .text              ro code   0x800'7114     0xe  cexit.o [4]
  .text              ro code   0x800'7122    0x16  xprout.o [2]
  .text              ro code   0x800'7138     0xc  putchar.o [2]
  .text              ro code   0x800'7144    0x10  startup_stm32f407xx.o [1]
  .text              ro code   0x800'7154     0xc  cstartup_M.o [4]
  .rodata            const     0x800'7160     0x8  system_stm32f4xx.o [1]
  .rodata            const     0x800'7168     0x6  xlocale_c.o [2]
  .text              ro code   0x800'716e     0x4  startup_stm32f407xx.o [1]
  .text              ro code   0x800'7172     0x4  startup_stm32f407xx.o [1]
  .text              ro code   0x800'7176     0x4  startup_stm32f407xx.o [1]
  .text              ro code   0x800'717a     0x4  startup_stm32f407xx.o [1]
  .text              ro code   0x800'717e     0x4  startup_stm32f407xx.o [1]
  .text              ro code   0x800'7182     0x4  startup_stm32f407xx.o [1]
  .text              ro code   0x800'7186     0x4  startup_stm32f407xx.o [1]
  .text              ro code   0x800'718a     0x4  startup_stm32f407xx.o [1]
  .text              ro code   0x800'718e     0x4  startup_stm32f407xx.o [1]
  .text              ro code   0x800'7192     0x4  startup_stm32f407xx.o [1]
  .text              ro code   0x800'7196     0x4  startup_stm32f407xx.o [1]
  .text              ro code   0x800'719a     0x4  startup_stm32f407xx.o [1]
  .text              ro code   0x800'719e     0x4  startup_stm32f407xx.o [1]
  .text              ro code   0x800'71a2     0x4  startup_stm32f407xx.o [1]
  .text              ro code   0x800'71a6     0x4  startup_stm32f407xx.o [1]
  .text              ro code   0x800'71aa     0x4  startup_stm32f407xx.o [1]
  .text              ro code   0x800'71ae     0x4  startup_stm32f407xx.o [1]
  .text              ro code   0x800'71b2     0x4  startup_stm32f407xx.o [1]
  .text              ro code   0x800'71b6     0x4  startup_stm32f407xx.o [1]
  .text              ro code   0x800'71ba     0x4  startup_stm32f407xx.o [1]
  .text              ro code   0x800'71be     0x4  startup_stm32f407xx.o [1]
  .text              ro code   0x800'71c2     0x4  startup_stm32f407xx.o [1]
  .text              ro code   0x800'71c6     0x4  startup_stm32f407xx.o [1]
  .text              ro code   0x800'71ca     0x4  startup_stm32f407xx.o [1]
  .text              ro code   0x800'71ce     0x4  startup_stm32f407xx.o [1]
  .text              ro code   0x800'71d2     0x4  startup_stm32f407xx.o [1]
  .text              ro code   0x800'71d6     0x4  startup_stm32f407xx.o [1]
  .text              ro code   0x800'71da     0x4  startup_stm32f407xx.o [1]
  .text              ro code   0x800'71de     0x4  startup_stm32f407xx.o [1]
  .text              ro code   0x800'71e2     0x4  startup_stm32f407xx.o [1]
  .text              ro code   0x800'71e6     0x4  startup_stm32f407xx.o [1]
  .text              ro code   0x800'71ea     0x4  startup_stm32f407xx.o [1]
  .text              ro code   0x800'71ee     0x4  startup_stm32f407xx.o [1]
  .text              ro code   0x800'71f2     0x4  startup_stm32f407xx.o [1]
  .text              ro code   0x800'71f6     0x4  startup_stm32f407xx.o [1]
  .text              ro code   0x800'71fa     0x4  startup_stm32f407xx.o [1]
  .text              ro code   0x800'71fe     0x4  startup_stm32f407xx.o [1]
  .text              ro code   0x800'7202     0x4  startup_stm32f407xx.o [1]
  .text              ro code   0x800'7206     0x4  startup_stm32f407xx.o [1]
  .text              ro code   0x800'720a     0x4  startup_stm32f407xx.o [1]
  .text              ro code   0x800'720e     0x4  startup_stm32f407xx.o [1]
  .text              ro code   0x800'7212     0x4  startup_stm32f407xx.o [1]
  .text              ro code   0x800'7216     0x4  startup_stm32f407xx.o [1]
  .text              ro code   0x800'721a     0x4  startup_stm32f407xx.o [1]
  .text              ro code   0x800'721e     0x4  startup_stm32f407xx.o [1]
  .text              ro code   0x800'7222     0x4  startup_stm32f407xx.o [1]
  .text              ro code   0x800'7226     0x4  startup_stm32f407xx.o [1]
  .text              ro code   0x800'722a     0x4  startup_stm32f407xx.o [1]
  .text              ro code   0x800'722e     0x4  startup_stm32f407xx.o [1]
  .text              ro code   0x800'7232     0x4  startup_stm32f407xx.o [1]
  .text              ro code   0x800'7236     0x4  startup_stm32f407xx.o [1]
  .text              ro code   0x800'723a     0x4  startup_stm32f407xx.o [1]
  .text              ro code   0x800'723e     0x4  startup_stm32f407xx.o [1]
  .text              ro code   0x800'7242     0x4  startup_stm32f407xx.o [1]
  .text              ro code   0x800'7246     0x4  startup_stm32f407xx.o [1]
  .text              ro code   0x800'724a     0x4  startup_stm32f407xx.o [1]
  .text              ro code   0x800'724e     0x4  startup_stm32f407xx.o [1]
  .text              ro code   0x800'7252     0x4  startup_stm32f407xx.o [1]
  .text              ro code   0x800'7256     0x4  startup_stm32f407xx.o [1]
  .text              ro code   0x800'725a     0x4  startup_stm32f407xx.o [1]
  .text              ro code   0x800'725e     0x4  startup_stm32f407xx.o [1]
  .text              ro code   0x800'7262     0x4  startup_stm32f407xx.o [1]
  .text              ro code   0x800'7266     0x4  startup_stm32f407xx.o [1]
  .text              ro code   0x800'726a     0x4  startup_stm32f407xx.o [1]
  .text              ro code   0x800'726e     0x4  startup_stm32f407xx.o [1]
  .text              ro code   0x800'7272     0x4  startup_stm32f407xx.o [1]
  .text              ro code   0x800'7276     0x4  startup_stm32f407xx.o [1]
  .text              ro code   0x800'727a     0x4  startup_stm32f407xx.o [1]
  .text              ro code   0x800'727e     0x4  startup_stm32f407xx.o [1]
  .text              ro code   0x800'7282     0x4  startup_stm32f407xx.o [1]
  .text              ro code   0x800'7286     0x4  startup_stm32f407xx.o [1]
  .text              ro code   0x800'728a     0x4  startup_stm32f407xx.o [1]
  .text              ro code   0x800'728e     0x4  startup_stm32f407xx.o [1]
  .text              ro code   0x800'7292     0x4  startup_stm32f407xx.o [1]
  .text              ro code   0x800'7296     0x4  startup_stm32f407xx.o [1]
  .text              ro code   0x800'729a     0x4  startup_stm32f407xx.o [1]
  .text              ro code   0x800'729e     0x4  startup_stm32f407xx.o [1]
  .text              ro code   0x800'72a2     0x4  startup_stm32f407xx.o [1]
  .text              ro code   0x800'72a6     0x4  startup_stm32f407xx.o [1]
  .text              ro code   0x800'72aa     0x4  startup_stm32f407xx.o [1]
  .text              ro code   0x800'72b0     0x0  cstart_closeall.o [4]
  .rodata            const     0x800'72b0     0x0  zero_init3.o [4]
  .rodata            const     0x800'72b0     0x0  lz77_init_single.o [4]
  Initializer bytes  const     0x800'72b0   0x151  <for P2-1>
                             - 0x800'7401  0x7279

"P2", part 1 of 3:                          0x300
  P2-1                        0x2000'0000   0x300  <Init block>
    .data            inited   0x2000'0000     0xc  stm32f4xx_hal.o [1]
    .data            inited   0x2000'000c     0x4  system_stm32f4xx.o [1]
    .data            inited   0x2000'0010     0xc  usbd_cdc.o [1]
    .data            inited   0x2000'001c    0x38  usbd_cdc.o [1]
    .data            inited   0x2000'0054    0x44  usbd_cdc.o [1]
    .data            inited   0x2000'0098    0x44  usbd_cdc.o [1]
    .data            inited   0x2000'00dc    0x44  usbd_cdc.o [1]
    .data            inited   0x2000'0120    0x10  usbd_cdc_if.o [1]
    .data            inited   0x2000'0130    0x1c  usbd_desc.o [1]
    .data            inited   0x2000'014c    0x14  usbd_desc.o [1]
    .data            inited   0x2000'0160     0x4  usbd_desc.o [1]
    .data            inited   0x2000'0164    0x1c  usbd_desc.o [1]
    .data            inited   0x2000'0180    0x38  xlocale_c.o [2]
    .data            inited   0x2000'01b8    0x48  xlocale_c.o [2]
    .data            inited   0x2000'0200    0x48  xfiles.o [2]
    .data            inited   0x2000'0248    0x48  xfiles.o [2]
    .data            inited   0x2000'0290    0x48  xfiles.o [2]
    .data            inited   0x2000'02d8    0x20  xfiles.o [2]
    .data            inited   0x2000'02f8     0x8  XShttio.o [2]
                            - 0x2000'0300   0x300

"P2", part 2 of 3:                         0x1d60
  .bss               zero     0x2000'0300  0x1000  usbd_cdc_if.o [1]
  .bss               zero     0x2000'1300   0x408  usbd_conf.o [1]
  .bss               zero     0x2000'1708   0x29c  usb_device.o [1]
  .bss               zero     0x2000'19a4   0x200  usbd_desc.o [1]
  .bss               zero     0x2000'1ba4   0x1d8  dlmalloc.o [2]
  .bss               zero     0x2000'1d7c    0x80  XShHandles.o [2]
  .bss               zero     0x2000'1dfc    0x58  spi.o [1]
  .bss               zero     0x2000'1e54    0x58  spi.o [1]
  .bss               zero     0x2000'1eac    0x54  i2c.o [1]
  .bss               zero     0x2000'1f00    0x54  i2c.o [1]
  .bss               zero     0x2000'1f54    0x50  xfiles.o [2]
  .bss               zero     0x2000'1fa4    0x50  xfiles.o [2]
  .bss               zero     0x2000'1ff4    0x48  i2s.o [1]
  .bss               zero     0x2000'203c    0x18  dlmalloc.o [2]
  .bss               zero     0x2000'2054     0x4  xfail_s.o [2]
  .bss               zero     0x2000'2058     0x4  xgetmemchunk.o [2]
  .bss               zero     0x2000'205c     0x1  usbd_ctlreq.o [1]
  .bss               zero     0x2000'205d     0x1  XShttio.o [2]
                            - 0x2000'205e  0x1d5e

"P2", part 3 of 3:                          0x800
  CSTACK                      0x2000'2060   0x400  <Block>
    CSTACK           uninit   0x2000'2060   0x400  <Block tail>
  HEAP                        0x2000'2460   0x400  <Block>
    HEAP             uninit   0x2000'2460   0x400  <Block tail>
                            - 0x2000'2860   0x800

Unused ranges:

         From           To      Size
         ----           --      ----
   0x800'7401   0x80f'ffff  0xf'8bff
  0x2000'2860  0x2001'ffff  0x1'd7a0


*******************************************************************************
*** INIT TABLE
***

          Address      Size
          -------      ----
Zero (__iar_zero_init3)
    1 destination range, total size 0x1d5e:
          0x2000'0300  0x1d5e

Copy/lz77 (__iar_lz77_init_single3)
    1 source range, total size 0x151 (43% of destination):
           0x800'72b0   0x151
    1 destination range, total size 0x300:
          0x2000'0000   0x300



*******************************************************************************
*** MODULE SUMMARY
***

    Module                  ro code  ro data  rw data
    ------                  -------  -------  -------
command line/config:
    -------------------------------------------------
    Total:

C:\Users\rlawl\Workplaces\stm32\STM32F4_5MP_OV5642_USB\EWARM\STM32F4_5MP_OV5642_USB\Obj: [1]
    gpio.o                      414
    i2c.o                       336               168
    i2s.o                       220                72
    main.o                      324
    spi.o                       360               176
    startup_stm32f407xx.o       728
    stm32f4xx_hal.o             184        5       12
    stm32f4xx_hal_cortex.o      196
    stm32f4xx_hal_gpio.o        488
    stm32f4xx_hal_i2c.o         336
    stm32f4xx_hal_i2s.o         634
    stm32f4xx_hal_i2s_ex.o      582
    stm32f4xx_hal_msp.o          60
    stm32f4xx_hal_pcd.o       2 142
    stm32f4xx_hal_pcd_ex.o       76
    stm32f4xx_hal_rcc.o       1 224
    stm32f4xx_hal_rcc_ex.o      372
    stm32f4xx_hal_spi.o         130
    stm32f4xx_it.o               32
    stm32f4xx_ll_usb.o        2 230
    system_stm32f4xx.o           44       10        4
    usb_device.o                 84               668
    usbd_cdc.o                  712      119      272
    usbd_cdc_if.o               116        7    4 112
    usbd_conf.o                 602             1 032
    usbd_core.o                 768
    usbd_ctlreq.o             1 102                 1
    usbd_desc.o                 252       35      592
    usbd_ioreq.o                 96
    -------------------------------------------------
    Total:                   14 844      176    7 109

dl7M_tlf.a: [2]
    XShHandles.o                204               128
    XShttio.o                    60        4        9
    abort.o                       6
    dlmalloc.o                5 344               496
    exit.o                        4
    fclose.o                    126
    fflush.o                    172
    fputc.o                      84
    fseek.o                      36
    heaptramp0.o                  4
    low_level_init.o              4
    printf.o                     40
    putchar.o                    12
    strcat.o                     30
    xcloseall.o                  60
    xencoding_8859_1.o           30
    xfail_s.o                    64                 4
    xfgpos.o                     12
    xfiles.o                             109      408
    xfofind.o                   140
    xfspos.o                    216
    xfwprep.o                   180
    xgetmemchunk.o               44                 4
    xlocale_c.o                 120       62      128
    xmbcurmax.o                  10
    xprintffull.o             3 910
    xprout.o                     22
    -------------------------------------------------
    Total:                   10 934      175    1 177

m7M_tls.a: [3]
    DblAdd.o                    362
    DblCmpGe.o                   46
    DblCmpLe.o                   46
    DblDiv.o                    582
    DblMul.o                    418
    DblSub.o                    226
    DblToS32.o                   58
    DblToU32.o                   40
    S32ToDbl.o                   34
    U32ToDbl.o                   26
    fpinit_M.o                   34
    frexp.o                     112
    ldexp.o                     314
    -------------------------------------------------
    Total:                    2 298

rt7M_tl.a: [4]
    ABImemclr.o                   6
    ABImemclr4.o                  6
    ABImemcpy_small.o            24
    ABImemset48.o                50
    ABImemset_small.o            18
    I64DivMod_small.o           262
    I64DivZer.o                   2
    cexit.o                      14
    cmain.o                      30
    cstart_closeall.o
    cstartup_M.o                 12
    data_init.o                  40
    lz77_init_single.o          122
    memchr.o                     88
    strchr.o                     22
    strlen_small.o               20
    strncpy_small.o              30
    zero_init3.o                 58
    -------------------------------------------------
    Total:                      804

shb_l.a: [5]
    close.o                      24
    dwrite.o                     30
    exit.o                       20
    iarttio.o                   128
    iarwrite.o                   34
    iarwstd.o                    32
    lseek.o                      74
    remove.o                     20
    write.o                      16
    -------------------------------------------------
    Total:                      378

    Gaps                         54        2
    Linker created                        32    2 048
-----------------------------------------------------
    Grand Total:             29 312      385   10 334


*******************************************************************************
*** ENTRY LIST
***

Entry                       Address   Size  Type      Object
-----                       -------   ----  ----      ------
.iar.init_table$$Base    0x800'709c          --   Gb  - Linker created -
.iar.init_table$$Limit   0x800'70bc          --   Gb  - Linker created -
?main                    0x800'70ed         Code  Gb  cmain.o [4]
AHBPrescTable            0x800'7040   0x10  Data  Gb  system_stm32f4xx.o [1]
APBPrescTable            0x800'7160    0x8  Data  Gb  system_stm32f4xx.o [1]
BusFault_Handler         0x800'70c3    0x2  Code  Gb  stm32f4xx_it.o [1]
CDC_Control_FS           0x800'5acf    0x4  Code  Lc  usbd_cdc_if.o [1]
CDC_DeInit_FS            0x800'5acb    0x4  Code  Lc  usbd_cdc_if.o [1]
CDC_Init_FS              0x800'5aad   0x1e  Code  Lc  usbd_cdc_if.o [1]
CDC_Receive_FS           0x800'5ad3   0x20  Code  Lc  usbd_cdc_if.o [1]
CDC_Transmit_FS          0x800'5af3   0x26  Code  Gb  usbd_cdc_if.o [1]
CSTACK$$Base            0x2000'2060          --   Gb  - Linker created -
CSTACK$$Limit           0x2000'2460          --   Gb  - Linker created -
CacheMore                0x800'2769   0x24  Code  Lc  xlocale_c.o [2]
DebugMon_Handler         0x800'70c9    0x2  Code  Gb  stm32f4xx_it.o [1]
Error_Handler            0x800'4f55    0x2  Code  Gb  main.o [1]
FS_Desc                 0x2000'0130   0x1c  Data  Gb  usbd_desc.o [1]
HAL_Delay                0x800'3b91   0x28  Code  Wk  stm32f4xx_hal.o [1]
HAL_GPIO_Init            0x800'4879  0x1b2  Code  Gb  stm32f4xx_hal_gpio.o [1]
HAL_GPIO_WritePin        0x800'4a2b    0x8  Code  Gb  stm32f4xx_hal_gpio.o [1]
HAL_GetTick              0x800'3bb9    0xc  Code  Wk  stm32f4xx_hal.o [1]
HAL_I2C_Init             0x800'5ffd  0x12c  Code  Gb  stm32f4xx_hal_i2c.o [1]
HAL_I2C_MspInit          0x800'56d1   0xd8  Code  Gb  i2c.o [1]
HAL_I2SEx_FullDuplex_IRQHandler
                         0x800'6729  0x1f8  Code  Gb  stm32f4xx_hal_i2s_ex.o [1]
HAL_I2S_ErrorCallback    0x800'6721    0x2  Code  Wk  stm32f4xx_hal_i2s.o [1]
HAL_I2S_Init             0x800'614d  0x158  Code  Gb  stm32f4xx_hal_i2s.o [1]
HAL_I2S_MspInit          0x800'5809   0x92  Code  Gb  i2s.o [1]
HAL_IncTick              0x800'70dd   0x10  Code  Wk  stm32f4xx_hal.o [1]
HAL_Init                 0x800'54b5   0x30  Code  Gb  stm32f4xx_hal.o [1]
HAL_InitTick             0x800'4f69   0x40  Code  Wk  stm32f4xx_hal.o [1]
HAL_MspInit              0x800'5fc1   0x3c  Code  Gb  stm32f4xx_hal_msp.o [1]
HAL_NVIC_EnableIRQ       0x800'4acf   0x16  Code  Gb  stm32f4xx_hal_cortex.o [1]
HAL_NVIC_SetPriority     0x800'4a95   0x3a  Code  Gb  stm32f4xx_hal_cortex.o [1]
HAL_NVIC_SetPriorityGrouping
                         0x800'4a7b   0x1a  Code  Gb  stm32f4xx_hal_cortex.o [1]
HAL_PCDEx_LPM_Callback   0x800'46c9    0x2  Code  Wk  stm32f4xx_hal_pcd_ex.o [1]
HAL_PCDEx_SetRxFiFo      0x800'46c1    0x8  Code  Gb  stm32f4xx_hal_pcd_ex.o [1]
HAL_PCDEx_SetTxFiFo      0x800'467f   0x42  Code  Gb  stm32f4xx_hal_pcd_ex.o [1]
HAL_PCD_ConnectCallback
                         0x800'455d    0x8  Code  Gb  usbd_conf.o [1]
HAL_PCD_DataInStageCallback
                         0x800'44d5   0x12  Code  Gb  usbd_conf.o [1]
HAL_PCD_DataOutStageCallback
                         0x800'44c1   0x14  Code  Gb  usbd_conf.o [1]
HAL_PCD_DisconnectCallback
                         0x800'4565    0x8  Code  Gb  usbd_conf.o [1]
HAL_PCD_EP_Close         0x800'415b   0x20  Code  Gb  stm32f4xx_hal_pcd.o [1]
HAL_PCD_EP_ClrStall      0x800'425d   0x2e  Code  Gb  stm32f4xx_hal_pcd.o [1]
HAL_PCD_EP_GetRxCount    0x800'4191   0x10  Code  Gb  stm32f4xx_hal_pcd.o [1]
HAL_PCD_EP_Open          0x800'4105   0x56  Code  Gb  stm32f4xx_hal_pcd.o [1]
HAL_PCD_EP_Receive       0x800'417b   0x16  Code  Gb  stm32f4xx_hal_pcd.o [1]
HAL_PCD_EP_SetStall      0x800'41f1   0x64  Code  Gb  stm32f4xx_hal_pcd.o [1]
HAL_PCD_EP_Transmit      0x800'41a1   0x12  Code  Gb  stm32f4xx_hal_pcd.o [1]
HAL_PCD_IRQHandler       0x800'3cad  0x3f2  Code  Gb  stm32f4xx_hal_pcd.o [1]
HAL_PCD_ISOINIncompleteCallback
                         0x800'4555    0x8  Code  Gb  usbd_conf.o [1]
HAL_PCD_ISOOUTIncompleteCallback
                         0x800'454d    0x8  Code  Gb  usbd_conf.o [1]
HAL_PCD_Init             0x800'3bc5   0xb8  Code  Gb  stm32f4xx_hal_pcd.o [1]
HAL_PCD_MspInit          0x800'4425   0x90  Code  Gb  usbd_conf.o [1]
HAL_PCD_ResetCallback    0x800'44ef   0x2c  Code  Gb  usbd_conf.o [1]
HAL_PCD_ResumeCallback   0x800'4545    0x8  Code  Gb  usbd_conf.o [1]
HAL_PCD_SOFCallback      0x800'44e7    0x8  Code  Gb  usbd_conf.o [1]
HAL_PCD_SetAddress       0x800'40d7   0x1c  Code  Gb  stm32f4xx_hal_pcd.o [1]
HAL_PCD_SetupStageCallback
                         0x800'44b5    0xc  Code  Gb  usbd_conf.o [1]
HAL_PCD_Start            0x800'3c95   0x18  Code  Gb  stm32f4xx_hal_pcd.o [1]
HAL_PCD_SuspendCallback
                         0x800'451b   0x2a  Code  Gb  usbd_conf.o [1]
HAL_RCCEx_GetPeriphCLKFreq
                         0x800'5f55   0x3a  Code  Gb  stm32f4xx_hal_rcc_ex.o [1]
HAL_RCCEx_PeriphCLKConfig
                         0x800'5e4d  0x108  Code  Gb  stm32f4xx_hal_rcc_ex.o [1]
HAL_RCC_ClockConfig      0x800'46cd  0x100  Code  Gb  stm32f4xx_hal_rcc.o [1]
HAL_RCC_GetHCLKFreq      0x800'47d9    0x6  Code  Gb  stm32f4xx_hal_rcc.o [1]
HAL_RCC_GetPCLK1Freq     0x800'47df   0x10  Code  Gb  stm32f4xx_hal_rcc.o [1]
HAL_RCC_OscConfig        0x800'5b29  0x324  Code  Wk  stm32f4xx_hal_rcc.o [1]
HAL_SPI_Init             0x800'63c1   0x76  Code  Gb  stm32f4xx_hal_spi.o [1]
HAL_SPI_MspInit          0x800'591b   0xe0  Code  Gb  spi.o [1]
HAL_SYSTICK_Config       0x800'4ae5   0x28  Code  Gb  stm32f4xx_hal_cortex.o [1]
HEAP$$Base              0x2000'2460          --   Gb  - Linker created -
HEAP$$Limit             0x2000'2860          --   Gb  - Linker created -
HardFault_Handler        0x800'70bf    0x2  Code  Gb  stm32f4xx_it.o [1]
I2S_IRQHandler           0x800'62b9   0xf6  Code  Lc  stm32f4xx_hal_i2s.o [1]
IntToUnicode             0x800'6a01   0x26  Code  Lc  usbd_desc.o [1]
LoadInt                  0x800'19a7   0x7a  Code  Lc  xprintffull.o [2]
MX_GPIO_Init             0x800'54e9  0x166  Code  Gb  gpio.o [1]
MX_I2C1_Init             0x800'5689   0x12  Code  Gb  i2c.o [1]
MX_I2C3_Init             0x800'569b   0x12  Code  Gb  i2c.o [1]
MX_I2S3_Init             0x800'57d9   0x30  Code  Gb  i2s.o [1]
MX_SPI1_Init             0x800'58b5   0x1e  Code  Gb  spi.o [1]
MX_SPI2_Init             0x800'58d3   0x20  Code  Gb  spi.o [1]
MX_USB_DEVICE_Init       0x800'5a1d   0x54  Code  Gb  usb_device.o [1]
MemManage_Handler        0x800'70c1    0x2  Code  Gb  stm32f4xx_it.o [1]
NMI_Handler              0x800'70bd    0x2  Code  Gb  stm32f4xx_it.o [1]
OTG_FS_IRQHandler        0x800'70d1    0x6  Code  Gb  stm32f4xx_it.o [1]
PCD_EP_OutXfrComplete_int
                         0x800'435b   0xb4  Code  Lc  stm32f4xx_hal_pcd.o [1]
PCD_WriteEmptyTxFifo     0x800'42c1   0x9a  Code  Lc  stm32f4xx_hal_pcd.o [1]
PendSV_Handler           0x800'70cb    0x2  Code  Gb  stm32f4xx_it.o [1]
Region$$Table$$Base      0x800'709c          --   Gb  - Linker created -
Region$$Table$$Limit     0x800'70bc          --   Gb  - Linker created -
SVC_Handler              0x800'70c7    0x2  Code  Gb  stm32f4xx_it.o [1]
SysTick_Handler          0x800'70cd    0x4  Code  Gb  stm32f4xx_it.o [1]
SystemClock_Config       0x800'4e93   0xae  Code  Gb  main.o [1]
SystemCoreClock         0x2000'000c    0x4  Data  Gb  system_stm32f4xx.o [1]
SystemInit               0x800'7025   0x14  Code  Gb  system_stm32f4xx.o [1]
USBD_CDC                0x2000'001c   0x38  Data  Gb  usbd_cdc.o [1]
USBD_CDC_CfgFSDesc      0x2000'0098   0x44  Data  Gb  usbd_cdc.o [1]
USBD_CDC_CfgHSDesc      0x2000'0054   0x44  Data  Gb  usbd_cdc.o [1]
USBD_CDC_DataIn          0x800'65c1   0x4c  Code  Lc  usbd_cdc.o [1]
USBD_CDC_DataOut         0x800'660d   0x2a  Code  Lc  usbd_cdc.o [1]
USBD_CDC_DeInit          0x800'64d5   0x44  Code  Lc  usbd_cdc.o [1]
USBD_CDC_DeviceQualifierDesc
                        0x2000'0010    0xc  Data  Lc  usbd_cdc.o [1]
USBD_CDC_EP0_RxReady     0x800'6637   0x26  Code  Lc  usbd_cdc.o [1]
USBD_CDC_GetDeviceQualifierDescriptor
                         0x800'6675    0x8  Code  Gb  usbd_cdc.o [1]
USBD_CDC_GetFSCfgDesc    0x800'665d    0x8  Code  Lc  usbd_cdc.o [1]
USBD_CDC_GetHSCfgDesc    0x800'6665    0x8  Code  Lc  usbd_cdc.o [1]
USBD_CDC_GetOtherSpeedCfgDesc
                         0x800'666d    0x8  Code  Lc  usbd_cdc.o [1]
USBD_CDC_Init            0x800'6445   0x86  Code  Lc  usbd_cdc.o [1]
USBD_CDC_OtherSpeedCfgDesc
                        0x2000'00dc   0x44  Data  Gb  usbd_cdc.o [1]
USBD_CDC_ReceivePacket   0x800'66e7   0x26  Code  Gb  usbd_cdc.o [1]
USBD_CDC_RegisterInterface
                         0x800'668d    0xe  Code  Gb  usbd_cdc.o [1]
USBD_CDC_SetRxBuffer     0x800'66ab    0xc  Code  Gb  usbd_cdc.o [1]
USBD_CDC_SetTxBuffer     0x800'669b   0x10  Code  Gb  usbd_cdc.o [1]
USBD_CDC_Setup           0x800'6519   0xa8  Code  Lc  usbd_cdc.o [1]
USBD_CDC_TransmitPacket
                         0x800'66b7   0x30  Code  Gb  usbd_cdc.o [1]
USBD_ClrClassConfig      0x800'4bad    0xa  Code  Gb  usbd_core.o [1]
USBD_CtlContinueRx       0x800'5487    0x4  Code  Gb  usbd_ioreq.o [1]
USBD_CtlContinueSendData
                         0x800'5463    0x4  Code  Gb  usbd_ioreq.o [1]
USBD_CtlError            0x800'53f7   0x16  Code  Gb  usbd_ctlreq.o [1]
USBD_CtlPrepareRx        0x800'5473   0x14  Code  Gb  usbd_ioreq.o [1]
USBD_CtlReceiveStatus    0x800'54a5    0xe  Code  Gb  usbd_ioreq.o [1]
USBD_CtlSendData         0x800'5453   0x10  Code  Gb  usbd_ioreq.o [1]
USBD_CtlSendStatus       0x800'5497    0xe  Code  Gb  usbd_ioreq.o [1]
USBD_FS_ConfigStrDescriptor
                         0x800'69cd    0xc  Code  Gb  usbd_desc.o [1]
USBD_FS_DeviceDesc      0x2000'014c   0x14  Data  Gb  usbd_desc.o [1]
USBD_FS_DeviceDescriptor
                         0x800'6971    0x8  Code  Gb  usbd_desc.o [1]
USBD_FS_InterfaceStrDescriptor
                         0x800'69f5    0xc  Code  Gb  usbd_desc.o [1]
USBD_FS_LangIDStrDescriptor
                         0x800'6979    0x8  Code  Gb  usbd_desc.o [1]
USBD_FS_ManufacturerStrDescriptor
                         0x800'698d    0xa  Code  Gb  usbd_desc.o [1]
USBD_FS_ProductStrDescriptor
                         0x800'6981    0xc  Code  Gb  usbd_desc.o [1]
USBD_FS_SerialStrDescriptor
                         0x800'69a1   0x2c  Code  Gb  usbd_desc.o [1]
USBD_GetDescriptor       0x800'52d1   0xf6  Code  Lc  usbd_ctlreq.o [1]
USBD_GetString           0x800'540d   0x46  Code  Gb  usbd_ctlreq.o [1]
USBD_Get_USB_Status      0x800'466d   0x12  Code  Gb  usbd_conf.o [1]
USBD_Init                0x800'4b25   0x3a  Code  Gb  usbd_core.o [1]
USBD_Interface_fops_FS  0x2000'0120   0x10  Data  Gb  usbd_cdc_if.o [1]
USBD_LL_ClearStallEP     0x800'4617    0xc  Code  Gb  usbd_conf.o [1]
USBD_LL_CloseEP          0x800'45ff    0xc  Code  Gb  usbd_conf.o [1]
USBD_LL_DataInStage      0x800'4c8d   0xae  Code  Gb  usbd_core.o [1]
USBD_LL_DataOutStage     0x800'4c0b   0x7a  Code  Gb  usbd_core.o [1]
USBD_LL_DevConnected     0x800'4dcf    0x4  Code  Gb  usbd_core.o [1]
USBD_LL_DevDisconnected
                         0x800'4dd3   0x12  Code  Gb  usbd_core.o [1]
USBD_LL_GetRxDataSize    0x800'4665    0x8  Code  Gb  usbd_conf.o [1]
USBD_LL_Init             0x800'456d   0x5a  Code  Gb  usbd_conf.o [1]
USBD_LL_IsStallEP        0x800'4623   0x1e  Code  Gb  usbd_conf.o [1]
USBD_LL_IsoINIncomplete
                         0x800'4dc7    0x4  Code  Gb  usbd_core.o [1]
USBD_LL_IsoOUTIncomplete
                         0x800'4dcb    0x4  Code  Gb  usbd_core.o [1]
USBD_LL_OpenEP           0x800'45e9   0x16  Code  Gb  usbd_conf.o [1]
USBD_LL_PrepareReceive   0x800'4659    0xc  Code  Gb  usbd_conf.o [1]
USBD_LL_Reset            0x800'4d3b   0x52  Code  Gb  usbd_core.o [1]
USBD_LL_Resume           0x800'4da3    0xc  Code  Gb  usbd_core.o [1]
USBD_LL_SOF              0x800'4daf   0x18  Code  Gb  usbd_core.o [1]
USBD_LL_SetSpeed         0x800'4d8d    0x6  Code  Gb  usbd_core.o [1]
USBD_LL_SetUSBAddress    0x800'4641    0xc  Code  Gb  usbd_conf.o [1]
USBD_LL_SetupStage       0x800'4bb7   0x54  Code  Gb  usbd_core.o [1]
USBD_LL_StallEP          0x800'460b    0xc  Code  Gb  usbd_conf.o [1]
USBD_LL_Start            0x800'45d9    0xa  Code  Gb  usbd_conf.o [1]
USBD_LL_Suspend          0x800'4d93   0x10  Code  Gb  usbd_core.o [1]
USBD_LL_Transmit         0x800'464d    0xc  Code  Gb  usbd_conf.o [1]
USBD_LangIDDesc         0x2000'0160    0x4  Data  Gb  usbd_desc.o [1]
USBD_ParseSetupRequest   0x800'53cd   0x2a  Code  Gb  usbd_ctlreq.o [1]
USBD_RegisterClass       0x800'4b61   0x26  Code  Gb  usbd_core.o [1]
USBD_SetClassConfig      0x800'4b97   0x16  Code  Gb  usbd_core.o [1]
USBD_SetConfig::cfgidx  0x2000'205c    0x1  Data  Lc  usbd_ctlreq.o [1]
USBD_Start               0x800'4b8d    0xa  Code  Gb  usbd_core.o [1]
USBD_StdDevReq           0x800'5005  0x14e  Code  Gb  usbd_ctlreq.o [1]
USBD_StdEPReq            0x800'51a7  0x124  Code  Gb  usbd_ctlreq.o [1]
USBD_StdItfReq           0x800'5159   0x42  Code  Gb  usbd_ctlreq.o [1]
USBD_StrDesc            0x2000'19a4  0x200  Data  Gb  usbd_desc.o [1]
USBD_StringSerial       0x2000'0164   0x1c  Data  Gb  usbd_desc.o [1]
USB_ActivateEndpoint     0x800'3607   0x5e  Code  Gb  stm32f4xx_ll_usb.o [1]
USB_ActivateSetup        0x800'3a61   0x2a  Code  Gb  stm32f4xx_ll_usb.o [1]
USB_CoreInit             0x800'32d9   0x78  Code  Gb  stm32f4xx_ll_usb.o [1]
USB_CoreReset            0x800'3acf   0x2a  Code  Lc  stm32f4xx_ll_usb.o [1]
USB_DeactivateEndpoint   0x800'3681   0x60  Code  Gb  stm32f4xx_ll_usb.o [1]
USB_DevConnect           0x800'39d1    0xe  Code  Gb  stm32f4xx_ll_usb.o [1]
USB_DevDisconnect        0x800'39df    0xc  Code  Gb  stm32f4xx_ll_usb.o [1]
USB_DevInit              0x800'3447  0x162  Code  Gb  stm32f4xx_ll_usb.o [1]
USB_DisableGlobalInt     0x800'3413    0x6  Code  Gb  stm32f4xx_ll_usb.o [1]
USB_EP0StartXfer         0x800'3849   0xc8  Code  Gb  stm32f4xx_ll_usb.o [1]
USB_EP0_OutStart         0x800'3a8b   0x44  Code  Gb  stm32f4xx_ll_usb.o [1]
USB_EPClearStall         0x800'3983   0x32  Code  Gb  stm32f4xx_ll_usb.o [1]
USB_EPSetStall           0x800'3953   0x30  Code  Gb  stm32f4xx_ll_usb.o [1]
USB_EPStartXfer          0x800'36ed  0x15c  Code  Gb  stm32f4xx_ll_usb.o [1]
USB_EnableGlobalInt      0x800'340b    0x8  Code  Gb  stm32f4xx_ll_usb.o [1]
USB_FlushRxFifo          0x800'35c7   0x1a  Code  Gb  stm32f4xx_ll_usb.o [1]
USB_FlushTxFifo          0x800'35a9   0x1e  Code  Gb  stm32f4xx_ll_usb.o [1]
USB_GetDevSpeed          0x800'35eb   0x1c  Code  Gb  stm32f4xx_ll_usb.o [1]
USB_GetMode              0x800'3a59    0x8  Code  Gb  stm32f4xx_ll_usb.o [1]
USB_ReadDevAllInEpInterrupt
                         0x800'3a0f    0xe  Code  Gb  stm32f4xx_ll_usb.o [1]
USB_ReadDevAllOutEpInterrupt
                         0x800'3a01    0xe  Code  Gb  stm32f4xx_ll_usb.o [1]
USB_ReadDevInEPInterrupt
                         0x800'3a33   0x26  Code  Gb  stm32f4xx_ll_usb.o [1]
USB_ReadDevOutEPInterrupt
                         0x800'3a1d   0x16  Code  Gb  stm32f4xx_ll_usb.o [1]
USB_ReadInterrupts       0x800'39f7    0xa  Code  Gb  stm32f4xx_ll_usb.o [1]
USB_ReadPacket           0x800'3935   0x1e  Code  Gb  stm32f4xx_ll_usb.o [1]
USB_SetCurrentMode       0x800'341f   0x28  Code  Gb  stm32f4xx_ll_usb.o [1]
USB_SetDevAddress        0x800'39b5   0x16  Code  Gb  stm32f4xx_ll_usb.o [1]
USB_SetDevSpeed          0x800'35e1    0xa  Code  Gb  stm32f4xx_ll_usb.o [1]
USB_SetTurnaroundTime    0x800'3351   0xba  Code  Gb  stm32f4xx_ll_usb.o [1]
USB_WritePacket          0x800'3911   0x24  Code  Gb  stm32f4xx_ll_usb.o [1]
UsageFault_Handler       0x800'70c5    0x2  Code  Gb  stm32f4xx_it.o [1]
UserRxBufferFS          0x2000'0300  0x800  Data  Gb  usbd_cdc_if.o [1]
UserTxBufferFS          0x2000'0b00  0x800  Data  Gb  usbd_cdc_if.o [1]
_Close_all               0x800'6fe9   0x3c  Code  Gb  xcloseall.o [2]
_Encoding_8859_1_Mbrlen
                         0x800'2805    0x2  Code  Gb  xencoding_8859_1.o [2]
_Encoding_8859_1_Wctomb
                         0x800'27f3   0x12  Code  Gb  xencoding_8859_1.o [2]
_Files                  0x2000'02d8   0x20  Data  Gb  xfiles.o [2]
_Fofree                  0x800'6e5d   0x86  Code  Gb  xfofind.o [2]
_Fspos                   0x800'6a6d   0xd8  Code  Gb  xfspos.o [2]
_Fwprep                  0x800'6d85   0xb4  Code  Gb  xfwprep.o [2]
_GenldFull               0x800'2405  0x274  Code  Lc  xprintffull.o [2]
_LdtobFull               0x800'2001  0x3d6  Code  Lc  xprintffull.o [2]
_LitobFull               0x800'1eb1  0x10a  Code  Lc  xprintffull.o [2]
_Locale_lconv           0x2000'0180   0x38  Data  Lc  xlocale_c.o [2]
_Nnl                     0x800'6bf1    0xc  Code  Gb  xfgpos.o [2]
_PrintfFull              0x800'17e5  0x1aa  Code  Gb  xprintffull.o [2]
_Prout                   0x800'7123   0x16  Code  Gb  xprout.o [2]
_PutcharsFull            0x800'2679   0x2e  Code  Lc  xprintffull.o [2]
_PutfldFull              0x800'1a21  0x2d4  Code  Lc  xprintffull.o [2]
_PutstrFull              0x800'1deb   0xc6  Code  Lc  xprintffull.o [2]
_PuttxtFull              0x800'1cf5   0xf6  Code  Lc  xprintffull.o [2]
__NVIC_SetPriority       0x800'4a61   0x1a  Code  Lc  stm32f4xx_hal_cortex.o [1]
__aeabi_cdcmple          0x800'2bfd         Code  Gb  DblCmpLe.o [3]
__aeabi_cdrcmple         0x800'2c2d         Code  Gb  DblCmpGe.o [3]
__aeabi_d2iz             0x800'2d99         Code  Gb  DblToS32.o [3]
__aeabi_d2uiz            0x800'3125         Code  Gb  DblToU32.o [3]
__aeabi_ddiv             0x800'2edd         Code  Gb  DblDiv.o [3]
__aeabi_dmul             0x800'29e9         Code  Gb  DblMul.o [3]
__aeabi_dsub             0x800'2df9         Code  Gb  DblSub.o [3]
__aeabi_i2d              0x800'2dd5         Code  Gb  S32ToDbl.o [3]
__aeabi_ldiv0            0x800'3169         Code  Gb  I64DivZer.o [4]
__aeabi_memclr           0x800'5b21         Code  Gb  ABImemclr.o [4]
__aeabi_memclr4          0x800'4871         Code  Gb  ABImemclr4.o [4]
__aeabi_ui2d             0x800'314d         Code  Gb  U32ToDbl.o [3]
__cexit_closeall         0x800'7117         Code  Gb  cexit.o [4]
__close                  0x800'6f67   0x18  Code  Gb  close.o [5]
__cmain                  0x800'70ed         Code  Gb  cmain.o [4]
__cstart_closeall        0x800'72b0         Data  Gb  cstart_closeall.o [4]
__data_GetMemChunk       0x800'16e9   0x2c  Code  Gb  xgetmemchunk.o [2]
__data_GetMemChunk::start
                        0x2000'2058    0x4  Data  Lc  xgetmemchunk.o [2]
__dwrite                 0x800'6d25   0x1e  Code  Gb  dwrite.o [5]
__exit                   0x800'1715   0x14  Code  Gb  exit.o [5]
__iar_Fail_s             0x800'2811   0x1c  Code  Gb  xfail_s.o [2]
__iar_Mbcurmax           0x800'28bd    0xa  Code  Gb  xmbcurmax.o [2]
__iar_Memchr             0x800'2865         Code  Gb  memchr.o [4]
__iar_Memset4_word       0x800'4fa9         Code  Gb  ABImemset48.o [4]
__iar_Memset8_word       0x800'4fa9         Code  Gb  ABImemset48.o [4]
__iar_Stderr            0x2000'0290   0x48  Data  Gb  xfiles.o [2]
__iar_Stdin             0x2000'0200   0x48  Data  Gb  xfiles.o [2]
__iar_Stdout            0x2000'0248   0x48  Data  Gb  xfiles.o [2]
__iar_Strchr             0x800'27dd         Code  Gb  strchr.o [4]
__iar_close_ttio         0x800'1729   0x2e  Code  Gb  iarttio.o [5]
__iar_dadd               0x800'2e09         Code  Gb  DblSub.o [3]
__iar_data_init3         0x800'7051   0x28  Code  Gb  data_init.o [4]
__iar_dlfree             0x800'1167  0x4f6  Code  Gb  dlmalloc.o [2]
__iar_dlmalloc           0x800'0eb1  0x2b6  Code  Gb  dlmalloc.o [2]
__iar_dsub               0x800'316d         Code  Gb  DblAdd.o [3]
__iar_dsubStart          0x800'317f         Code  Gb  DblAdd.o [3]
__iar_frexp              0x800'2b99         Code  Gb  frexp.o [3]
__iar_frexpl             0x800'2b99         Code  Gb  frexp.o [3]
__iar_get_ttio           0x800'1759   0x4c  Code  Gb  iarttio.o [5]
__iar_globLocale        0x2000'01b8   0x48  Data  Lc  xlocale_c.o [2]
__iar_global_Locale      0x800'2765    0x4  Code  Gb  xlocale_c.o [2]
__iar_init_vfp           0x800'7079         Code  Gb  fpinit_M.o [3]
__iar_ldexp64            0x800'2c5d         Code  Gb  ldexp.o [3]
__iar_lookup_ttioh       0x800'17d7    0x4  Code  Gb  XShttio.o [2]
__iar_lz77_init_single3
                         0x800'166f   0x7a  Code  Gb  lz77_init_single.o [4]
__iar_program_start      0x800'7155         Code  Gb  cstartup_M.o [4]
__iar_scalbln64          0x800'2c5d         Code  Gb  ldexp.o [3]
__iar_scalbn64           0x800'2c5d         Code  Gb  ldexp.o [3]
__iar_sh_Discard         0x800'6c59   0x42  Code  Gb  XShHandles.o [2]
__iar_sh_Move            0x800'6c9b   0x46  Code  Gb  XShHandles.o [2]
__iar_sh_Pos             0x800'6ce1   0x3e  Code  Gb  XShHandles.o [2]
__iar_sh_stdout          0x800'6d43   0x20  Code  Gb  iarwstd.o [5]
__iar_sh_write           0x800'6d63   0x22  Code  Gb  iarwrite.o [5]
__iar_small_Memcpy       0x800'28cd         Code  Gb  ABImemcpy_small.o [4]
__iar_small_Memset       0x800'670d         Code  Gb  ABImemset_small.o [4]
__iar_small_Memset_word
                         0x800'670d         Code  Gb  ABImemset_small.o [4]
__iar_small_memcpy       0x800'28c9         Code  Gb  ABImemcpy_small.o [4]
__iar_small_memcpy4      0x800'28c9         Code  Gb  ABImemcpy_small.o [4]
__iar_small_memcpy8      0x800'28c9         Code  Gb  ABImemcpy_small.o [4]
__iar_small_memset       0x800'670d         Code  Gb  ABImemset_small.o [4]
__iar_small_strlen       0x800'2851         Code  Gb  strlen_small.o [4]
__iar_small_strncpy      0x800'5a71         Code  Gb  strncpy_small.o [4]
__iar_small_uldivmod     0x800'28e1         Code  Gb  I64DivMod_small.o [4]
__iar_softfp___iar_frexp64
                         0x800'2b8d         Code  Gb  frexp.o [3]
__iar_softfp_frexp       0x800'2b8d         Code  Gb  frexp.o [3]
__iar_softfp_frexpl      0x800'2b8d         Code  Gb  frexp.o [3]
__iar_ttio_guard_lock    0x800'17a9   0x1e  Code  Gb  XShttio.o [2]
__iar_ttio_guard_unlock
                         0x800'17c7   0x10  Code  Gb  XShttio.o [2]
__iar_ttio_handles      0x2000'02f8    0x8  Data  Lc  XShttio.o [2]
__iar_zero_init3         0x800'272b   0x3a  Code  Gb  zero_init3.o [4]
__low_level_init         0x800'710b    0x4  Code  Gb  low_level_init.o [2]
__lseek                  0x800'6bfd   0x4a  Code  Gb  lseek.o [5]
__vector_table           0x800'0000         Data  Gb  startup_stm32f407xx.o [1]
__write                  0x800'6c47   0x10  Code  Gb  write.o [5]
_call_main               0x800'70f9         Code  Gb  cmain.o [4]
_exit                    0x800'7115         Code  Gb  cexit.o [4]
_gLocale_mblen           0x800'27c9    0x4  Code  Gb  xlocale_c.o [2]
_gLocale_mblenInt        0x800'278d   0x2c  Code  Gb  xlocale_c.o [2]
_gLocale_wctomb          0x800'27cd    0x4  Code  Gb  xlocale_c.o [2]
_gLocale_wctombInt       0x800'27c5    0x4  Code  Gb  xlocale_c.o [2]
_gm_                    0x2000'1ba4  0x1d8  Data  Lc  dlmalloc.o [2]
_main                    0x800'7107         Code  Gb  cmain.o [4]
abort                    0x800'1669    0x6  Code  Gb  abort.o [2]
add_segment              0x800'0551  0x1f2  Code  Lc  dlmalloc.o [2]
ebuf                    0x2000'1f54   0x50  Data  Lc  xfiles.o [2]
exit                     0x800'710f    0x4  Code  Gb  exit.o [2]
fclose                   0x800'6ee9   0x7e  Code  Gb  fclose.o [2]
fflush                   0x800'6bb9   0x34  Code  Gb  fflush.o [2]
fflushOne                0x800'6b45   0x74  Code  Lc  fflush.o [2]
fputc                    0x800'6f93   0x54  Code  Gb  fputc.o [2]
free                     0x800'6725    0x4  Code  Gb  heaptramp0.o [2]
fseek                    0x800'6e39   0x24  Code  Gb  fseek.o [2]
hUsbDeviceFS            0x2000'1708  0x29c  Data  Gb  usb_device.o [1]
hi2c1                   0x2000'1eac   0x54  Data  Gb  i2c.o [1]
hi2c3                   0x2000'1f00   0x54  Data  Gb  i2c.o [1]
hi2s3                   0x2000'1ff4   0x48  Data  Gb  i2s.o [1]
hpcd_USB_OTG_FS         0x2000'1300  0x408  Data  Gb  usbd_conf.o [1]
hspi1                   0x2000'1dfc   0x58  Data  Gb  spi.o [1]
hspi2                   0x2000'1e54   0x58  Data  Gb  spi.o [1]
init_mparams             0x800'01a3   0x32  Code  Lc  dlmalloc.o [2]
init_top                 0x800'01d5   0x36  Code  Lc  dlmalloc.o [2]
ldexp                    0x800'2c5d         Code  Gb  ldexp.o [3]
ldexpl                   0x800'2c5d         Code  Gb  ldexp.o [3]
localeconv               0x800'27d1    0x4  Code  Gb  xlocale_c.o [2]
main                     0x800'4e25   0x6e  Code  Gb  main.o [1]
memchr                   0x800'2865         Code  Gb  memchr.o [4]
mparams                 0x2000'203c   0x18  Data  Lc  dlmalloc.o [2]
obuf                    0x2000'1fa4   0x50  Data  Lc  xfiles.o [2]
prepend_alloc            0x800'020b  0x346  Code  Lc  dlmalloc.o [2]
printf                   0x800'4fdd   0x28  Code  Gb  printf.o [2]
putchar                  0x800'7139    0xc  Code  Gb  putchar.o [2]
remove                   0x800'6f7f   0x14  Code  Gb  remove.o [5]
sFileInfo               0x2000'1d7c   0x80  Data  Lc  XShHandles.o [2]
scalbln                  0x800'2c5d         Code  Gb  ldexp.o [3]
scalblnl                 0x800'2c5d         Code  Gb  ldexp.o [3]
scalbn                   0x800'2c5d         Code  Gb  ldexp.o [3]
scalbnl                  0x800'2c5d         Code  Gb  ldexp.o [3]
scale                    0x800'1fbb   0x46  Code  Lc  xprintffull.o [2]
sec_hand                0x2000'2054    0x4  Data  Lc  xfail_s.o [2]
segment_holding          0x800'0189   0x1a  Code  Lc  dlmalloc.o [2]
strcat                   0x800'5a8f   0x1e  Code  Gb  strcat.o [2]
strchr                   0x800'27dd         Code  Gb  strchr.o [4]
sys_alloc                0x800'0749  0x164  Code  Lc  dlmalloc.o [2]
sys_trim                 0x800'08ad   0x64  Code  Lc  dlmalloc.o [2]
tmalloc_large            0x800'091d  0x386  Code  Lc  dlmalloc.o [2]
tmalloc_small            0x800'0ca3  0x200  Code  Lc  dlmalloc.o [2]
ttio_guard              0x2000'205d    0x1  Data  Lc  XShttio.o [2]
uwTick                  0x2000'0004    0x4  Data  Gb  stm32f4xx_hal.o [1]
uwTickFreq              0x2000'0000    0x1  Data  Gb  stm32f4xx_hal.o [1]
uwTickPrio              0x2000'0008    0x4  Data  Gb  stm32f4xx_hal.o [1]


[1] = C:\Users\rlawl\Workplaces\stm32\STM32F4_5MP_OV5642_USB\EWARM\STM32F4_5MP_OV5642_USB\Obj
[2] = dl7M_tlf.a
[3] = m7M_tls.a
[4] = rt7M_tl.a
[5] = shb_l.a

  29 312 bytes of readonly  code memory
     385 bytes of readonly  data memory
  10 334 bytes of readwrite data memory

Errors: none
Warnings: none
